13:46:25 **** Incremental Build of configuration Debug for project EXTI_volatile ****
make -j8 all 
arm-none-eabi-gcc "../Src/main.c" -mcpu=cortex-m4 -std=gnu11 -g3 -DDEBUG -DSTM32 -DSTM32F407G_DISC1 -DSTM32F4 -DSTM32F407VGTx -c -I../Inc -O3 -ffunction-sections -fdata-sections -Wall -fstack-usage -fcyclomatic-complexity -MMD -MP -MF"Src/main.d" -MT"Src/main.o" --specs=nano.specs -mfpu=fpv4-sp-d16 -mfloat-abi=soft -mthumb -o "Src/main.o"
arm-none-eabi-gcc -o "EXTI_volatile.elf" @"objects.list"   -mcpu=cortex-m4 -T"/home/krushna/STM32_Projects/EXTI_volatile/STM32F407VGTX_FLASH.ld" --specs=nosys.specs -Wl,-Map="EXTI_volatile.map" -Wl,--gc-sections -static --specs=nano.specs -mfpu=fpv4-sp-d16 -mfloat-abi=soft -mthumb -Wl,--start-group -lc -lm -Wl,--end-group
Finished building target: EXTI_volatile.elf
 
arm-none-eabi-size  EXTI_volatile.elf 
arm-none-eabi-objdump -h -S EXTI_volatile.elf  > "EXTI_volatile.list"
   text	   data	    bss	    dec	    hex	filename
   1104	      4	   1572	   2680	    a78	EXTI_volatile.elf
Finished building: default.size.stdout
 
Finished building: EXTI_volatile.list
 

13:46:26 Build Finished. 0 errors, 0 warnings. (took 245ms)

