12:32:34 **** Incremental Build of configuration Debug for project GPIO3 ****
make -j8 all 
arm-none-eabi-gcc "../Src/main.c" -mcpu=cortex-m4 -std=gnu11 -g3 -DDEBUG -DSTM32 -DSTM32F407G_DISC1 -DSTM32F4 -DSTM32F407VGTx -c -I../Inc -O0 -ffunction-sections -fdata-sections -Wall -fstack-usage -fcyclomatic-complexity -MMD -MP -MF"Src/main.d" -MT"Src/main.o" --specs=nano.specs -mfpu=fpv4-sp-d16 -mfloat-abi=soft -mthumb -o "Src/main.o"
arm-none-eabi-gcc -o "GPIO3.elf" @"objects.list"   -mcpu=cortex-m4 -T"/home/krushna/STM32_Projects/GPIO3/STM32F407VGTX_FLASH.ld" --specs=nosys.specs -Wl,-Map="GPIO3.map" -Wl,--gc-sections -static --specs=nano.specs -mfpu=fpv4-sp-d16 -mfloat-abi=soft -mthumb -Wl,--start-group -lc -lm -Wl,--end-group
Finished building target: GPIO3.elf
 
arm-none-eabi-size  GPIO3.elf 
arm-none-eabi-objdump -h -S GPIO3.elf  > "GPIO3.list"
   text	   data	    bss	    dec	    hex	filename
   1160	      4	   1564	   2728	    aa8	GPIO3.elf
Finished building: default.size.stdout
 
Finished building: GPIO3.list
 

12:32:34 Build Finished. 0 errors, 0 warnings. (took 229ms)

